<?xml version="1.0" encoding="utf-8"?><testsuites><testsuite name="pytest" errors="0" failures="0" skipped="0" tests="11" time="0.066" timestamp="2025-08-05T21:16:07.022143" hostname="MacBook-Pro.local"><testcase classname="tests.test_api" name="test_read_root" time="0.009" /><testcase classname="tests.test_api" name="test_health_check" time="0.001" /><testcase classname="tests.test_api" name="test_get_items_empty" time="0.002" /><testcase classname="tests.test_api" name="test_get_items" time="0.003" /><testcase classname="tests.test_api" name="test_get_item" time="0.002" /><testcase classname="tests.test_api" name="test_get_item_not_found" time="0.002" /><testcase classname="tests.test_api" name="test_create_item" time="0.003" /><testcase classname="tests.test_api" name="test_update_item" time="0.003" /><testcase classname="tests.test_api" name="test_update_item_not_found" time="0.002" /><testcase classname="tests.test_api" name="test_delete_item" time="0.002" /><testcase classname="tests.test_api" name="test_delete_item_not_found" time="0.002" /></testsuite></testsuites>